FSM 1 : VALID TRANSITION GRAPH

000001 : STATE IS REACHABLE FROM OUTSIDE.


000010 : STATE IS REACHABLE FROM OUTSIDE.


000100 : STATE IS REACHABLE FROM OUTSIDE.


100000 : STATE IS REACHABLE FROM OUTSIDE.


001000 : STATE IS REACHABLE FROM OUTSIDE.


010000 : STATE IS REACHABLE FROM OUTSIDE.


FSM 1 : VALID TRANSITION GRAPH

000001 : STATE IS REACHABLE FROM OUTSIDE.


000010 : STATE IS REACHABLE FROM OUTSIDE.


000100 : STATE IS REACHABLE FROM OUTSIDE.


100000 : STATE IS REACHABLE FROM OUTSIDE.


001000 : STATE IS REACHABLE FROM OUTSIDE.


010000 : STATE IS REACHABLE FROM OUTSIDE.


FSM 1 : VALID TRANSITION GRAPH

000001 : STATE IS REACHABLE FROM OUTSIDE.


000010 : STATE IS REACHABLE FROM OUTSIDE.


000100 : STATE IS REACHABLE FROM OUTSIDE.


100000 : STATE IS REACHABLE FROM OUTSIDE.


001000 : STATE IS REACHABLE FROM OUTSIDE.


010000 : STATE IS REACHABLE FROM OUTSIDE.


FSM 1 : VALID TRANSITION GRAPH

000001 : STATE IS REACHABLE FROM OUTSIDE.


000010 : STATE IS REACHABLE FROM OUTSIDE.


000100 : STATE IS REACHABLE FROM OUTSIDE.


100000 : STATE IS REACHABLE FROM OUTSIDE.


001000 : STATE IS REACHABLE FROM OUTSIDE.


010000 : STATE IS REACHABLE FROM OUTSIDE.


FSM 1 : VALID TRANSITION GRAPH

000001 : STATE IS REACHABLE FROM OUTSIDE.


000010 : STATE IS REACHABLE FROM OUTSIDE.


000100 : STATE IS REACHABLE FROM OUTSIDE.


100000 : STATE IS REACHABLE FROM OUTSIDE.


001000 : STATE IS REACHABLE FROM OUTSIDE.


010000 : STATE IS REACHABLE FROM OUTSIDE.


FSM 1 : VALID TRANSITION GRAPH

000001 : STATE IS REACHABLE FROM OUTSIDE.


000010 : STATE IS REACHABLE FROM OUTSIDE.


000100 : STATE IS REACHABLE FROM OUTSIDE.


100000 : STATE IS REACHABLE FROM OUTSIDE.


001000 : STATE IS REACHABLE FROM OUTSIDE.


010000 : STATE IS REACHABLE FROM OUTSIDE.


FSM 1 : VALID TRANSITION GRAPH

000001 : STATE IS REACHABLE FROM OUTSIDE.


000010 : STATE IS REACHABLE FROM OUTSIDE.


000100 : STATE IS REACHABLE FROM OUTSIDE.


100000 : STATE IS REACHABLE FROM OUTSIDE.


001000 : STATE IS REACHABLE FROM OUTSIDE.


010000 : STATE IS REACHABLE FROM OUTSIDE.


FSM 1 : VALID TRANSITION GRAPH

000001 : STATE IS REACHABLE FROM OUTSIDE.


000010 : STATE IS REACHABLE FROM OUTSIDE.


000100 : STATE IS REACHABLE FROM OUTSIDE.


100000 : STATE IS REACHABLE FROM OUTSIDE.


001000 : STATE IS REACHABLE FROM OUTSIDE.


010000 : STATE IS REACHABLE FROM OUTSIDE.


FSM 1 : VALID TRANSITION GRAPH

000001 : STATE IS REACHABLE FROM OUTSIDE.


000010 : STATE IS REACHABLE FROM OUTSIDE.


000100 : STATE IS REACHABLE FROM OUTSIDE.


100000 : STATE IS REACHABLE FROM OUTSIDE.


001000 : STATE IS REACHABLE FROM OUTSIDE.


010000 : STATE IS REACHABLE FROM OUTSIDE.


